音频链路证据：离线片段的 24k→16k 重采样（2026-09-20）
========================================================

板子：SF32LB52-DevKit-LCD（黄山派）
固件：nuttx-ai_agent-screen-voice3.bin  6,034,480 字节  md5 c4e865ae9e4516a5b7dbc72b310fc700
起因：录视频前试听反馈“声音会卡顿”。先量通路（真机 overruns=0，暂存队列没断过粮），
      再量素材（片段 PCM 最长连续静音 0.4 ms），都不是，于是回到 24k→16k 那一步。

一、两版重采样对拍（PC，不碰板子）
-----------------------------------
命令：python3 board/sf32lb52_audio/tools/resample_ab_test.py board/sf32lb52_audio/clips

== 单音频响：喂 24 kHz 正弦，量 16 kHz 输出里该在/不该在的地方（dB，0 = 输入电平）==
  输入频率     旧版       新版       旧版最大杂散
     500 Hz      -0.0      -0.0         6 @   7500 Hz
    1000 Hz      -0.0      -0.0        26 @   7000 Hz
    2000 Hz      -0.1      -0.1       102 @   6000 Hz
    3000 Hz      -0.3      -0.3       228 @   5000 Hz
    4000 Hz      -1.2      -1.2         1 @   8000 Hz
    5000 Hz      -0.9      -0.9         1 @   8000 Hz
    6000 Hz      -1.4      -1.4         0 @   8000 Hz
    6500 Hz      -1.6      -2.3         1 @   8000 Hz
    7000 Hz      -1.9      -7.9         1 @   8000 Hz
    8000 Hz        --        --         0 @   8000 Hz
    9000 Hz        --        --      4148 @   7000 Hz
   10000 Hz        --        --      3777 @   6000 Hz
   11000 Hz        --        --      3392 @   5000 Hz

== 混叠落点：9 kHz / 11 kHz 超出 16 kHz 的奈奎斯特，必然折返 ==
  9000 Hz 输入 → 旧版：落点 1000 Hz 处 1851.9（-10.2 dBc）
  9000 Hz 输入 → 新版：落点 1000 Hz 处 0.2（-90.5 dBc）
  11000 Hz 输入 → 旧版：落点 3000 Hz 处 2608.5（-7.2 dBc）
  11000 Hz 输入 → 新版：落点 3000 Hz 处 0.0（-108.4 dBc）

== 真实片段：把仓库里的 16 kHz 片段插值回 24 kHz，再分别降回来比 SNR ==
  片段           时长     旧版 SNR    新版 SNR
  ac_off        1.12 s     40.8 dB     40.8 dB
  ac_on         1.12 s     41.4 dB     41.0 dB
  blue_on       1.28 s     40.4 dB     40.3 dB
  bright_set    1.44 s     41.7 dB     41.3 dB
  ct_set        1.44 s     39.1 dB     36.3 dB
  green_on      1.12 s     40.5 dB     40.2 dB
  lamp_off      1.12 s     43.1 dB     42.6 dB
  lamp_on       1.28 s     38.6 dB     38.4 dB
  led_blink     1.12 s     34.8 dB     31.7 dB
  led_breath    2.24 s     35.1 dB     32.0 dB
  light_off     1.44 s     43.5 dB     42.9 dB
  light_on      1.28 s     40.6 dB     40.3 dB
  no_device     1.44 s     42.1 dB     41.1 dB
  no_reply      1.12 s     34.4 dB     33.3 dB
  offline       3.04 s     40.9 dB     38.4 dB
  ok            0.96 s     40.3 dB     40.4 dB
  red_on        1.44 s     40.8 dB     40.2 dB
  rgb_off       1.44 s     35.9 dB     34.3 dB
  rgb_on        1.60 s     38.4 dB     37.4 dB
  temp_high     2.08 s     38.9 dB     35.5 dB
  unknown       2.08 s     38.8 dB     36.3 dB
  white_on      0.96 s     36.9 dB     36.9 dB
  yellow_on     1.44 s     41.1 dB     40.9 dB
  平均：旧版 39.5 dB，新版 38.4 dB

注：这一项两版接近是正常的——仓库里的片段本身已经被限到 8 kHz 以内，
    这段测试量不出旧版丢掉的 8-12 kHz。真实差距看上面的单音测试。

二、上板复测：片段确实按新文件播放，且没有丢半区
-----------------------------------------------
命令：python console_session.py --tcp-port 5562 --script cmds_audio.txt
      （经 serial_tcp_bridge.py 直连板子控制台，1,000,000 8N1）

[sess 10088.64] >>> clip lamp_on
sf32lb52_stop: stop: overruns=0
[audio_pb] closing (40960 bytes written, complete=1)
[say] clip lamp_on: 40960 bytes (1.3 s)
vela> [sess 10095.64] >>> clip rgb_on
sf32lb52_stop: stop: overruns=0
[audio_pb] closing (51200 bytes written, complete=1)
[say] clip rgb_on: 51200 bytes (1.6 s)
vela> [sess 10102.65] >>> clip led_breath
sf32lb52_stop: stop: overruns=0
[audio_pb] closing (71680 bytes written, complete=1)
[say] clip led_breath: 71680 bytes (2.2 s)
vela> [sess 10112.65] >>> clip offline
sf32lb52_stop: stop: overruns=0
[audio_pb] closing (97280 bytes written, complete=1)
[say] clip offline: 97280 bytes (3.0 s)

三、整链复跑：ask 的中文口令与播报片段
--------------------------------------
命令：python console_session.py --tcp-port 5562 --script cmds_ask.txt

[Agent]: 让我查一下...
vela> [agent] [Agent]: 让我查一下...
[trace:7c54326100000000] END status=ok iters=1 tools=0 llm_ms=3234 elapsed=3s backend=0
[Agent]: 台灯已打开
vela> [agent] [Agent]: 台灯已打开
[say] offline phrase -> clip 'lamp_on'
sf32lb52_stop: stop: overruns=0
[audio_pb] closing (40960 bytes written, complete=1)
[say] clip lamp_on: 40960 bytes (1.3 s)
[Agent]: 稍等，处理中...
vela> [agent] [Agent]: 稍等，处理中...
[trace:7c54327735c3b13a] END status=ok iters=1 tools=0 llm_ms=3107 elapsed=3s backend=0
[Agent]: RGB灯已打开
vela> [agent] [Agent]: RGB灯已打开
[say] offline phrase -> clip 'rgb_on'
sf32lb52_stop: stop: overruns=0
[audio_pb] closing (51200 bytes written, complete=1)
[say] clip rgb_on: 51200 bytes (1.6 s)

四、结论与未做的部分
--------------------
- 旧算法对 8–12 kHz 输入（中文齿音就在这一段）会折出 −7…−10 dBc 的混叠，并在 5–7 kHz 生成
  −3…−5 dBc 的镜像；新算法把两者都压到 −90 dBc 以下。这是可复跑的量化结论。
- 板端只做“放对了没有”的验收：四条片段写入字节数与仓库文件逐字节一致、overruns=0、
  complete=1；ask 全链一轮 3 秒级返回。
- 听感改善属主观项，未仪器化；音量/失真度仍未测。
